Performing C SOURCE FILE Test HAVE_GCC_WDOCUMENTATION failed with the following output:
Change Dir: /mnt/c/Users/Michael/Documents/Projects/SAOD/build/CMakeFiles/CMakeTmp

Run Build Command(s):/usr/bin/gmake -f Makefile cmTC_8eafe/fast && /usr/bin/gmake  -f CMakeFiles/cmTC_8eafe.dir/build.make CMakeFiles/cmTC_8eafe.dir/build
gmake[1]: Entering directory '/mnt/c/Users/Michael/Documents/Projects/SAOD/build/CMakeFiles/CMakeTmp'
Building C object CMakeFiles/cmTC_8eafe.dir/src.c.o
/usr/bin/cc -DHAVE_GCC_WDOCUMENTATION  -D_GNU_SOURCE=1   -Wdocumentation -o CMakeFiles/cmTC_8eafe.dir/src.c.o -c /mnt/c/Users/Michael/Documents/Projects/SAOD/build/CMakeFiles/CMakeTmp/src.c
cc: error: unrecognized command-line option '-Wdocumentation'
gmake[1]: *** [CMakeFiles/cmTC_8eafe.dir/build.make:78: CMakeFiles/cmTC_8eafe.dir/src.c.o] Error 1
gmake[1]: Leaving directory '/mnt/c/Users/Michael/Documents/Projects/SAOD/build/CMakeFiles/CMakeTmp'
gmake: *** [Makefile:127: cmTC_8eafe/fast] Error 2


Source file was:
int main(void) { return 0; }
Performing C SOURCE FILE Test HAVE_GCC_WDOCUMENTATION_UNKNOWN_COMMAND failed with the following output:
Change Dir: /mnt/c/Users/Michael/Documents/Projects/SAOD/build/CMakeFiles/CMakeTmp

Run Build Command(s):/usr/bin/gmake -f Makefile cmTC_965c6/fast && /usr/bin/gmake  -f CMakeFiles/cmTC_965c6.dir/build.make CMakeFiles/cmTC_965c6.dir/build
gmake[1]: Entering directory '/mnt/c/Users/Michael/Documents/Projects/SAOD/build/CMakeFiles/CMakeTmp'
Building C object CMakeFiles/cmTC_965c6.dir/src.c.o
/usr/bin/cc -DHAVE_GCC_WDOCUMENTATION_UNKNOWN_COMMAND  -D_GNU_SOURCE=1   -Wdocumentation-unknown-command -o CMakeFiles/cmTC_965c6.dir/src.c.o -c /mnt/c/Users/Michael/Documents/Projects/SAOD/build/CMakeFiles/CMakeTmp/src.c
cc: error: unrecognized command-line option '-Wdocumentation-unknown-command'
gmake[1]: *** [CMakeFiles/cmTC_965c6.dir/build.make:78: CMakeFiles/cmTC_965c6.dir/src.c.o] Error 1
gmake[1]: Leaving directory '/mnt/c/Users/Michael/Documents/Projects/SAOD/build/CMakeFiles/CMakeTmp'
gmake: *** [Makefile:127: cmTC_965c6/fast] Error 2


Source file was:
int main(void) { return 0; }
Performing C SOURCE FILE Test HAVE_GCC_COMMENT_BLOCK_COMMANDS failed with the following output:
Change Dir: /mnt/c/Users/Michael/Documents/Projects/SAOD/build/CMakeFiles/CMakeTmp

Run Build Command(s):/usr/bin/gmake -f Makefile cmTC_7b9c8/fast && /usr/bin/gmake  -f CMakeFiles/cmTC_7b9c8.dir/build.make CMakeFiles/cmTC_7b9c8.dir/build
gmake[1]: Entering directory '/mnt/c/Users/Michael/Documents/Projects/SAOD/build/CMakeFiles/CMakeTmp'
Building C object CMakeFiles/cmTC_7b9c8.dir/src.c.o
/usr/bin/cc -DHAVE_GCC_COMMENT_BLOCK_COMMANDS  -D_GNU_SOURCE=1   -fcomment-block-commands=threadsafety -o CMakeFiles/cmTC_7b9c8.dir/src.c.o -c /mnt/c/Users/Michael/Documents/Projects/SAOD/build/CMakeFiles/CMakeTmp/src.c
cc: error: unrecognized command-line option '-fcomment-block-commands=threadsafety'
gmake[1]: *** [CMakeFiles/cmTC_7b9c8.dir/build.make:78: CMakeFiles/cmTC_7b9c8.dir/src.c.o] Error 1
gmake[1]: Leaving directory '/mnt/c/Users/Michael/Documents/Projects/SAOD/build/CMakeFiles/CMakeTmp'
gmake: *** [Makefile:127: cmTC_7b9c8/fast] Error 2


Source file was:
int main(void) { return 0; }
Performing C SOURCE FILE Test HAVE_CLANG_COMMENT_BLOCK_COMMANDS failed with the following output:
Change Dir: /mnt/c/Users/Michael/Documents/Projects/SAOD/build/CMakeFiles/CMakeTmp

Run Build Command(s):/usr/bin/gmake -f Makefile cmTC_e5d24/fast && /usr/bin/gmake  -f CMakeFiles/cmTC_e5d24.dir/build.make CMakeFiles/cmTC_e5d24.dir/build
gmake[1]: Entering directory '/mnt/c/Users/Michael/Documents/Projects/SAOD/build/CMakeFiles/CMakeTmp'
Building C object CMakeFiles/cmTC_e5d24.dir/src.c.o
/usr/bin/cc -DHAVE_CLANG_COMMENT_BLOCK_COMMANDS  -D_GNU_SOURCE=1   /clang:-fcomment-block-commands=threadsafety -o CMakeFiles/cmTC_e5d24.dir/src.c.o -c /mnt/c/Users/Michael/Documents/Projects/SAOD/build/CMakeFiles/CMakeTmp/src.c
cc: warning: /clang:-fcomment-block-commands=threadsafety: linker input file unused because linking not done
cc: error: /clang:-fcomment-block-commands=threadsafety: linker input file not found: No such file or directory
gmake[1]: *** [CMakeFiles/cmTC_e5d24.dir/build.make:78: CMakeFiles/cmTC_e5d24.dir/src.c.o] Error 1
gmake[1]: *** Deleting file 'CMakeFiles/cmTC_e5d24.dir/src.c.o'
gmake[1]: Leaving directory '/mnt/c/Users/Michael/Documents/Projects/SAOD/build/CMakeFiles/CMakeTmp'
gmake: *** [Makefile:127: cmTC_e5d24/fast] Error 2


Source file was:
int main(void) { return 0; }
Determining if the _i64toa exist failed with the following output:
Change Dir: /mnt/c/Users/Michael/Documents/Projects/SAOD/build/CMakeFiles/CMakeTmp

Run Build Command(s):/usr/bin/gmake -f Makefile cmTC_fea80/fast && /usr/bin/gmake  -f CMakeFiles/cmTC_fea80.dir/build.make CMakeFiles/cmTC_fea80.dir/build
gmake[1]: Entering directory '/mnt/c/Users/Michael/Documents/Projects/SAOD/build/CMakeFiles/CMakeTmp'
Building C object CMakeFiles/cmTC_fea80.dir/CheckSymbolExists.c.o
/usr/bin/cc   -D_GNU_SOURCE=1 -o CMakeFiles/cmTC_fea80.dir/CheckSymbolExists.c.o -c /mnt/c/Users/Michael/Documents/Projects/SAOD/build/CMakeFiles/CMakeTmp/CheckSymbolExists.c
/mnt/c/Users/Michael/Documents/Projects/SAOD/build/CMakeFiles/CMakeTmp/CheckSymbolExists.c: In function ‘main’:
/mnt/c/Users/Michael/Documents/Projects/SAOD/build/CMakeFiles/CMakeTmp/CheckSymbolExists.c:26:19: error: ‘_i64toa’ undeclared (first use in this function)
   26 |   return ((int*)(&_i64toa))[argc];
      |                   ^~~~~~~
/mnt/c/Users/Michael/Documents/Projects/SAOD/build/CMakeFiles/CMakeTmp/CheckSymbolExists.c:26:19: note: each undeclared identifier is reported only once for each function it appears in
gmake[1]: *** [CMakeFiles/cmTC_fea80.dir/build.make:78: CMakeFiles/cmTC_fea80.dir/CheckSymbolExists.c.o] Error 1
gmake[1]: Leaving directory '/mnt/c/Users/Michael/Documents/Projects/SAOD/build/CMakeFiles/CMakeTmp'
gmake: *** [Makefile:127: cmTC_fea80/fast] Error 2


File /mnt/c/Users/Michael/Documents/Projects/SAOD/build/CMakeFiles/CMakeTmp/CheckSymbolExists.c:
/* */
#include <float.h>
#include <iconv.h>
#include <inttypes.h>
#include <limits.h>
#include <malloc.h>
#include <math.h>
#include <memory.h>
#include <signal.h>
#include <stdarg.h>
#include <stdbool.h>
#include <stddef.h>
#include <stdint.h>
#include <stdio.h>
#include <stdlib.h>
#include <string.h>
#include <strings.h>
#include <sys/types.h>
#include <time.h>
#include <wchar.h>

int main(int argc, char** argv)
{
  (void)argv;
#ifndef _i64toa
  return ((int*)(&_i64toa))[argc];
#else
  (void)argc;
  return 0;
#endif
}
Determining if the itoa exist failed with the following output:
Change Dir: /mnt/c/Users/Michael/Documents/Projects/SAOD/build/CMakeFiles/CMakeTmp

Run Build Command(s):/usr/bin/gmake -f Makefile cmTC_76f82/fast && /usr/bin/gmake  -f CMakeFiles/cmTC_76f82.dir/build.make CMakeFiles/cmTC_76f82.dir/build
gmake[1]: Entering directory '/mnt/c/Users/Michael/Documents/Projects/SAOD/build/CMakeFiles/CMakeTmp'
Building C object CMakeFiles/cmTC_76f82.dir/CheckSymbolExists.c.o
/usr/bin/cc   -D_GNU_SOURCE=1 -o CMakeFiles/cmTC_76f82.dir/CheckSymbolExists.c.o -c /mnt/c/Users/Michael/Documents/Projects/SAOD/build/CMakeFiles/CMakeTmp/CheckSymbolExists.c
/mnt/c/Users/Michael/Documents/Projects/SAOD/build/CMakeFiles/CMakeTmp/CheckSymbolExists.c: In function ‘main’:
/mnt/c/Users/Michael/Documents/Projects/SAOD/build/CMakeFiles/CMakeTmp/CheckSymbolExists.c:26:19: error: ‘itoa’ undeclared (first use in this function)
   26 |   return ((int*)(&itoa))[argc];
      |                   ^~~~
/mnt/c/Users/Michael/Documents/Projects/SAOD/build/CMakeFiles/CMakeTmp/CheckSymbolExists.c:26:19: note: each undeclared identifier is reported only once for each function it appears in
gmake[1]: *** [CMakeFiles/cmTC_76f82.dir/build.make:78: CMakeFiles/cmTC_76f82.dir/CheckSymbolExists.c.o] Error 1
gmake[1]: Leaving directory '/mnt/c/Users/Michael/Documents/Projects/SAOD/build/CMakeFiles/CMakeTmp'
gmake: *** [Makefile:127: cmTC_76f82/fast] Error 2


File /mnt/c/Users/Michael/Documents/Projects/SAOD/build/CMakeFiles/CMakeTmp/CheckSymbolExists.c:
/* */
#include <float.h>
#include <iconv.h>
#include <inttypes.h>
#include <limits.h>
#include <malloc.h>
#include <math.h>
#include <memory.h>
#include <signal.h>
#include <stdarg.h>
#include <stdbool.h>
#include <stddef.h>
#include <stdint.h>
#include <stdio.h>
#include <stdlib.h>
#include <string.h>
#include <strings.h>
#include <sys/types.h>
#include <time.h>
#include <wchar.h>

int main(int argc, char** argv)
{
  (void)argv;
#ifndef itoa
  return ((int*)(&itoa))[argc];
#else
  (void)argc;
  return 0;
#endif
}
Determining if the _ltoa exist failed with the following output:
Change Dir: /mnt/c/Users/Michael/Documents/Projects/SAOD/build/CMakeFiles/CMakeTmp

Run Build Command(s):/usr/bin/gmake -f Makefile cmTC_2dfd0/fast && /usr/bin/gmake  -f CMakeFiles/cmTC_2dfd0.dir/build.make CMakeFiles/cmTC_2dfd0.dir/build
gmake[1]: Entering directory '/mnt/c/Users/Michael/Documents/Projects/SAOD/build/CMakeFiles/CMakeTmp'
Building C object CMakeFiles/cmTC_2dfd0.dir/CheckSymbolExists.c.o
/usr/bin/cc   -D_GNU_SOURCE=1 -o CMakeFiles/cmTC_2dfd0.dir/CheckSymbolExists.c.o -c /mnt/c/Users/Michael/Documents/Projects/SAOD/build/CMakeFiles/CMakeTmp/CheckSymbolExists.c
/mnt/c/Users/Michael/Documents/Projects/SAOD/build/CMakeFiles/CMakeTmp/CheckSymbolExists.c: In function ‘main’:
/mnt/c/Users/Michael/Documents/Projects/SAOD/build/CMakeFiles/CMakeTmp/CheckSymbolExists.c:26:19: error: ‘_ltoa’ undeclared (first use in this function)
   26 |   return ((int*)(&_ltoa))[argc];
      |                   ^~~~~
/mnt/c/Users/Michael/Documents/Projects/SAOD/build/CMakeFiles/CMakeTmp/CheckSymbolExists.c:26:19: note: each undeclared identifier is reported only once for each function it appears in
gmake[1]: *** [CMakeFiles/cmTC_2dfd0.dir/build.make:78: CMakeFiles/cmTC_2dfd0.dir/CheckSymbolExists.c.o] Error 1
gmake[1]: Leaving directory '/mnt/c/Users/Michael/Documents/Projects/SAOD/build/CMakeFiles/CMakeTmp'
gmake: *** [Makefile:127: cmTC_2dfd0/fast] Error 2


File /mnt/c/Users/Michael/Documents/Projects/SAOD/build/CMakeFiles/CMakeTmp/CheckSymbolExists.c:
/* */
#include <float.h>
#include <iconv.h>
#include <inttypes.h>
#include <limits.h>
#include <malloc.h>
#include <math.h>
#include <memory.h>
#include <signal.h>
#include <stdarg.h>
#include <stdbool.h>
#include <stddef.h>
#include <stdint.h>
#include <stdio.h>
#include <stdlib.h>
#include <string.h>
#include <strings.h>
#include <sys/types.h>
#include <time.h>
#include <wchar.h>

int main(int argc, char** argv)
{
  (void)argv;
#ifndef _ltoa
  return ((int*)(&_ltoa))[argc];
#else
  (void)argc;
  return 0;
#endif
}
Determining if the sqr exist failed with the following output:
Change Dir: /mnt/c/Users/Michael/Documents/Projects/SAOD/build/CMakeFiles/CMakeTmp

Run Build Command(s):/usr/bin/gmake -f Makefile cmTC_d96d1/fast && /usr/bin/gmake  -f CMakeFiles/cmTC_d96d1.dir/build.make CMakeFiles/cmTC_d96d1.dir/build
gmake[1]: Entering directory '/mnt/c/Users/Michael/Documents/Projects/SAOD/build/CMakeFiles/CMakeTmp'
Building C object CMakeFiles/cmTC_d96d1.dir/CheckSymbolExists.c.o
/usr/bin/cc   -D_GNU_SOURCE=1 -o CMakeFiles/cmTC_d96d1.dir/CheckSymbolExists.c.o -c /mnt/c/Users/Michael/Documents/Projects/SAOD/build/CMakeFiles/CMakeTmp/CheckSymbolExists.c
/mnt/c/Users/Michael/Documents/Projects/SAOD/build/CMakeFiles/CMakeTmp/CheckSymbolExists.c: In function ‘main’:
/mnt/c/Users/Michael/Documents/Projects/SAOD/build/CMakeFiles/CMakeTmp/CheckSymbolExists.c:26:19: error: ‘sqr’ undeclared (first use in this function); did you mean ‘sqrt’?
   26 |   return ((int*)(&sqr))[argc];
      |                   ^~~
      |                   sqrt
/mnt/c/Users/Michael/Documents/Projects/SAOD/build/CMakeFiles/CMakeTmp/CheckSymbolExists.c:26:19: note: each undeclared identifier is reported only once for each function it appears in
gmake[1]: *** [CMakeFiles/cmTC_d96d1.dir/build.make:78: CMakeFiles/cmTC_d96d1.dir/CheckSymbolExists.c.o] Error 1
gmake[1]: Leaving directory '/mnt/c/Users/Michael/Documents/Projects/SAOD/build/CMakeFiles/CMakeTmp'
gmake: *** [Makefile:127: cmTC_d96d1/fast] Error 2


File /mnt/c/Users/Michael/Documents/Projects/SAOD/build/CMakeFiles/CMakeTmp/CheckSymbolExists.c:
/* */
#include <float.h>
#include <iconv.h>
#include <inttypes.h>
#include <limits.h>
#include <malloc.h>
#include <math.h>
#include <memory.h>
#include <signal.h>
#include <stdarg.h>
#include <stdbool.h>
#include <stddef.h>
#include <stdint.h>
#include <stdio.h>
#include <stdlib.h>
#include <string.h>
#include <strings.h>
#include <sys/types.h>
#include <time.h>
#include <wchar.h>

int main(int argc, char** argv)
{
  (void)argv;
#ifndef sqr
  return ((int*)(&sqr))[argc];
#else
  (void)argc;
  return 0;
#endif
}
Determining if the strlcat exist failed with the following output:
Change Dir: /mnt/c/Users/Michael/Documents/Projects/SAOD/build/CMakeFiles/CMakeTmp

Run Build Command(s):/usr/bin/gmake -f Makefile cmTC_78fe1/fast && /usr/bin/gmake  -f CMakeFiles/cmTC_78fe1.dir/build.make CMakeFiles/cmTC_78fe1.dir/build
gmake[1]: Entering directory '/mnt/c/Users/Michael/Documents/Projects/SAOD/build/CMakeFiles/CMakeTmp'
Building C object CMakeFiles/cmTC_78fe1.dir/CheckSymbolExists.c.o
/usr/bin/cc   -D_GNU_SOURCE=1 -o CMakeFiles/cmTC_78fe1.dir/CheckSymbolExists.c.o -c /mnt/c/Users/Michael/Documents/Projects/SAOD/build/CMakeFiles/CMakeTmp/CheckSymbolExists.c
/mnt/c/Users/Michael/Documents/Projects/SAOD/build/CMakeFiles/CMakeTmp/CheckSymbolExists.c: In function ‘main’:
/mnt/c/Users/Michael/Documents/Projects/SAOD/build/CMakeFiles/CMakeTmp/CheckSymbolExists.c:26:19: error: ‘strlcat’ undeclared (first use in this function); did you mean ‘strncat’?
   26 |   return ((int*)(&strlcat))[argc];
      |                   ^~~~~~~
      |                   strncat
/mnt/c/Users/Michael/Documents/Projects/SAOD/build/CMakeFiles/CMakeTmp/CheckSymbolExists.c:26:19: note: each undeclared identifier is reported only once for each function it appears in
gmake[1]: *** [CMakeFiles/cmTC_78fe1.dir/build.make:78: CMakeFiles/cmTC_78fe1.dir/CheckSymbolExists.c.o] Error 1
gmake[1]: Leaving directory '/mnt/c/Users/Michael/Documents/Projects/SAOD/build/CMakeFiles/CMakeTmp'
gmake: *** [Makefile:127: cmTC_78fe1/fast] Error 2


File /mnt/c/Users/Michael/Documents/Projects/SAOD/build/CMakeFiles/CMakeTmp/CheckSymbolExists.c:
/* */
#include <float.h>
#include <iconv.h>
#include <inttypes.h>
#include <limits.h>
#include <malloc.h>
#include <math.h>
#include <memory.h>
#include <signal.h>
#include <stdarg.h>
#include <stdbool.h>
#include <stddef.h>
#include <stdint.h>
#include <stdio.h>
#include <stdlib.h>
#include <string.h>
#include <strings.h>
#include <sys/types.h>
#include <time.h>
#include <wchar.h>

int main(int argc, char** argv)
{
  (void)argv;
#ifndef strlcat
  return ((int*)(&strlcat))[argc];
#else
  (void)argc;
  return 0;
#endif
}
Determining if the strlcpy exist failed with the following output:
Change Dir: /mnt/c/Users/Michael/Documents/Projects/SAOD/build/CMakeFiles/CMakeTmp

Run Build Command(s):/usr/bin/gmake -f Makefile cmTC_41218/fast && /usr/bin/gmake  -f CMakeFiles/cmTC_41218.dir/build.make CMakeFiles/cmTC_41218.dir/build
gmake[1]: Entering directory '/mnt/c/Users/Michael/Documents/Projects/SAOD/build/CMakeFiles/CMakeTmp'
Building C object CMakeFiles/cmTC_41218.dir/CheckSymbolExists.c.o
/usr/bin/cc   -D_GNU_SOURCE=1 -o CMakeFiles/cmTC_41218.dir/CheckSymbolExists.c.o -c /mnt/c/Users/Michael/Documents/Projects/SAOD/build/CMakeFiles/CMakeTmp/CheckSymbolExists.c
/mnt/c/Users/Michael/Documents/Projects/SAOD/build/CMakeFiles/CMakeTmp/CheckSymbolExists.c: In function ‘main’:
/mnt/c/Users/Michael/Documents/Projects/SAOD/build/CMakeFiles/CMakeTmp/CheckSymbolExists.c:26:19: error: ‘strlcpy’ undeclared (first use in this function); did you mean ‘strncpy’?
   26 |   return ((int*)(&strlcpy))[argc];
      |                   ^~~~~~~
      |                   strncpy
/mnt/c/Users/Michael/Documents/Projects/SAOD/build/CMakeFiles/CMakeTmp/CheckSymbolExists.c:26:19: note: each undeclared identifier is reported only once for each function it appears in
gmake[1]: *** [CMakeFiles/cmTC_41218.dir/build.make:78: CMakeFiles/cmTC_41218.dir/CheckSymbolExists.c.o] Error 1
gmake[1]: Leaving directory '/mnt/c/Users/Michael/Documents/Projects/SAOD/build/CMakeFiles/CMakeTmp'
gmake: *** [Makefile:127: cmTC_41218/fast] Error 2


File /mnt/c/Users/Michael/Documents/Projects/SAOD/build/CMakeFiles/CMakeTmp/CheckSymbolExists.c:
/* */
#include <float.h>
#include <iconv.h>
#include <inttypes.h>
#include <limits.h>
#include <malloc.h>
#include <math.h>
#include <memory.h>
#include <signal.h>
#include <stdarg.h>
#include <stdbool.h>
#include <stddef.h>
#include <stdint.h>
#include <stdio.h>
#include <stdlib.h>
#include <string.h>
#include <strings.h>
#include <sys/types.h>
#include <time.h>
#include <wchar.h>

int main(int argc, char** argv)
{
  (void)argv;
#ifndef strlcpy
  return ((int*)(&strlcpy))[argc];
#else
  (void)argc;
  return 0;
#endif
}
Determining if the strnstr exist failed with the following output:
Change Dir: /mnt/c/Users/Michael/Documents/Projects/SAOD/build/CMakeFiles/CMakeTmp

Run Build Command(s):/usr/bin/gmake -f Makefile cmTC_c0fa3/fast && /usr/bin/gmake  -f CMakeFiles/cmTC_c0fa3.dir/build.make CMakeFiles/cmTC_c0fa3.dir/build
gmake[1]: Entering directory '/mnt/c/Users/Michael/Documents/Projects/SAOD/build/CMakeFiles/CMakeTmp'
Building C object CMakeFiles/cmTC_c0fa3.dir/CheckSymbolExists.c.o
/usr/bin/cc   -D_GNU_SOURCE=1 -o CMakeFiles/cmTC_c0fa3.dir/CheckSymbolExists.c.o -c /mnt/c/Users/Michael/Documents/Projects/SAOD/build/CMakeFiles/CMakeTmp/CheckSymbolExists.c
/mnt/c/Users/Michael/Documents/Projects/SAOD/build/CMakeFiles/CMakeTmp/CheckSymbolExists.c: In function ‘main’:
/mnt/c/Users/Michael/Documents/Projects/SAOD/build/CMakeFiles/CMakeTmp/CheckSymbolExists.c:26:19: error: ‘strnstr’ undeclared (first use in this function); did you mean ‘strstr’?
   26 |   return ((int*)(&strnstr))[argc];
      |                   ^~~~~~~
      |                   strstr
/mnt/c/Users/Michael/Documents/Projects/SAOD/build/CMakeFiles/CMakeTmp/CheckSymbolExists.c:26:19: note: each undeclared identifier is reported only once for each function it appears in
gmake[1]: *** [CMakeFiles/cmTC_c0fa3.dir/build.make:78: CMakeFiles/cmTC_c0fa3.dir/CheckSymbolExists.c.o] Error 1
gmake[1]: Leaving directory '/mnt/c/Users/Michael/Documents/Projects/SAOD/build/CMakeFiles/CMakeTmp'
gmake: *** [Makefile:127: cmTC_c0fa3/fast] Error 2


File /mnt/c/Users/Michael/Documents/Projects/SAOD/build/CMakeFiles/CMakeTmp/CheckSymbolExists.c:
/* */
#include <float.h>
#include <iconv.h>
#include <inttypes.h>
#include <limits.h>
#include <malloc.h>
#include <math.h>
#include <memory.h>
#include <signal.h>
#include <stdarg.h>
#include <stdbool.h>
#include <stddef.h>
#include <stdint.h>
#include <stdio.h>
#include <stdlib.h>
#include <string.h>
#include <strings.h>
#include <sys/types.h>
#include <time.h>
#include <wchar.h>

int main(int argc, char** argv)
{
  (void)argv;
#ifndef strnstr
  return ((int*)(&strnstr))[argc];
#else
  (void)argc;
  return 0;
#endif
}
Determining if the wcslcat exist failed with the following output:
Change Dir: /mnt/c/Users/Michael/Documents/Projects/SAOD/build/CMakeFiles/CMakeTmp

Run Build Command(s):/usr/bin/gmake -f Makefile cmTC_bd375/fast && /usr/bin/gmake  -f CMakeFiles/cmTC_bd375.dir/build.make CMakeFiles/cmTC_bd375.dir/build
gmake[1]: Entering directory '/mnt/c/Users/Michael/Documents/Projects/SAOD/build/CMakeFiles/CMakeTmp'
Building C object CMakeFiles/cmTC_bd375.dir/CheckSymbolExists.c.o
/usr/bin/cc   -D_GNU_SOURCE=1 -o CMakeFiles/cmTC_bd375.dir/CheckSymbolExists.c.o -c /mnt/c/Users/Michael/Documents/Projects/SAOD/build/CMakeFiles/CMakeTmp/CheckSymbolExists.c
/mnt/c/Users/Michael/Documents/Projects/SAOD/build/CMakeFiles/CMakeTmp/CheckSymbolExists.c: In function ‘main’:
/mnt/c/Users/Michael/Documents/Projects/SAOD/build/CMakeFiles/CMakeTmp/CheckSymbolExists.c:26:19: error: ‘wcslcat’ undeclared (first use in this function); did you mean ‘wcsncat’?
   26 |   return ((int*)(&wcslcat))[argc];
      |                   ^~~~~~~
      |                   wcsncat
/mnt/c/Users/Michael/Documents/Projects/SAOD/build/CMakeFiles/CMakeTmp/CheckSymbolExists.c:26:19: note: each undeclared identifier is reported only once for each function it appears in
gmake[1]: *** [CMakeFiles/cmTC_bd375.dir/build.make:78: CMakeFiles/cmTC_bd375.dir/CheckSymbolExists.c.o] Error 1
gmake[1]: Leaving directory '/mnt/c/Users/Michael/Documents/Projects/SAOD/build/CMakeFiles/CMakeTmp'
gmake: *** [Makefile:127: cmTC_bd375/fast] Error 2


File /mnt/c/Users/Michael/Documents/Projects/SAOD/build/CMakeFiles/CMakeTmp/CheckSymbolExists.c:
/* */
#include <float.h>
#include <iconv.h>
#include <inttypes.h>
#include <limits.h>
#include <malloc.h>
#include <math.h>
#include <memory.h>
#include <signal.h>
#include <stdarg.h>
#include <stdbool.h>
#include <stddef.h>
#include <stdint.h>
#include <stdio.h>
#include <stdlib.h>
#include <string.h>
#include <strings.h>
#include <sys/types.h>
#include <time.h>
#include <wchar.h>

int main(int argc, char** argv)
{
  (void)argv;
#ifndef wcslcat
  return ((int*)(&wcslcat))[argc];
#else
  (void)argc;
  return 0;
#endif
}
Determining if the wcslcpy exist failed with the following output:
Change Dir: /mnt/c/Users/Michael/Documents/Projects/SAOD/build/CMakeFiles/CMakeTmp

Run Build Command(s):/usr/bin/gmake -f Makefile cmTC_a4d03/fast && /usr/bin/gmake  -f CMakeFiles/cmTC_a4d03.dir/build.make CMakeFiles/cmTC_a4d03.dir/build
gmake[1]: Entering directory '/mnt/c/Users/Michael/Documents/Projects/SAOD/build/CMakeFiles/CMakeTmp'
Building C object CMakeFiles/cmTC_a4d03.dir/CheckSymbolExists.c.o
/usr/bin/cc   -D_GNU_SOURCE=1 -o CMakeFiles/cmTC_a4d03.dir/CheckSymbolExists.c.o -c /mnt/c/Users/Michael/Documents/Projects/SAOD/build/CMakeFiles/CMakeTmp/CheckSymbolExists.c
/mnt/c/Users/Michael/Documents/Projects/SAOD/build/CMakeFiles/CMakeTmp/CheckSymbolExists.c: In function ‘main’:
/mnt/c/Users/Michael/Documents/Projects/SAOD/build/CMakeFiles/CMakeTmp/CheckSymbolExists.c:26:19: error: ‘wcslcpy’ undeclared (first use in this function); did you mean ‘wcsncpy’?
   26 |   return ((int*)(&wcslcpy))[argc];
      |                   ^~~~~~~
      |                   wcsncpy
/mnt/c/Users/Michael/Documents/Projects/SAOD/build/CMakeFiles/CMakeTmp/CheckSymbolExists.c:26:19: note: each undeclared identifier is reported only once for each function it appears in
gmake[1]: *** [CMakeFiles/cmTC_a4d03.dir/build.make:78: CMakeFiles/cmTC_a4d03.dir/CheckSymbolExists.c.o] Error 1
gmake[1]: Leaving directory '/mnt/c/Users/Michael/Documents/Projects/SAOD/build/CMakeFiles/CMakeTmp'
gmake: *** [Makefile:127: cmTC_a4d03/fast] Error 2


File /mnt/c/Users/Michael/Documents/Projects/SAOD/build/CMakeFiles/CMakeTmp/CheckSymbolExists.c:
/* */
#include <float.h>
#include <iconv.h>
#include <inttypes.h>
#include <limits.h>
#include <malloc.h>
#include <math.h>
#include <memory.h>
#include <signal.h>
#include <stdarg.h>
#include <stdbool.h>
#include <stddef.h>
#include <stdint.h>
#include <stdio.h>
#include <stdlib.h>
#include <string.h>
#include <strings.h>
#include <sys/types.h>
#include <time.h>
#include <wchar.h>

int main(int argc, char** argv)
{
  (void)argv;
#ifndef wcslcpy
  return ((int*)(&wcslcpy))[argc];
#else
  (void)argc;
  return 0;
#endif
}
Determining if the sysctlbyname exist failed with the following output:
Change Dir: /mnt/c/Users/Michael/Documents/Projects/SAOD/build/CMakeFiles/CMakeTmp

Run Build Command(s):/usr/bin/gmake -f Makefile cmTC_b1830/fast && /usr/bin/gmake  -f CMakeFiles/cmTC_b1830.dir/build.make CMakeFiles/cmTC_b1830.dir/build
gmake[1]: Entering directory '/mnt/c/Users/Michael/Documents/Projects/SAOD/build/CMakeFiles/CMakeTmp'
Building C object CMakeFiles/cmTC_b1830.dir/CheckSymbolExists.c.o
/usr/bin/cc   -D_GNU_SOURCE=1 -o CMakeFiles/cmTC_b1830.dir/CheckSymbolExists.c.o -c /mnt/c/Users/Michael/Documents/Projects/SAOD/build/CMakeFiles/CMakeTmp/CheckSymbolExists.c
/mnt/c/Users/Michael/Documents/Projects/SAOD/build/CMakeFiles/CMakeTmp/CheckSymbolExists.c:3:10: fatal error: sys/sysctl.h: No such file or directory
    3 | #include <sys/sysctl.h>
      |          ^~~~~~~~~~~~~~
compilation terminated.
gmake[1]: *** [CMakeFiles/cmTC_b1830.dir/build.make:78: CMakeFiles/cmTC_b1830.dir/CheckSymbolExists.c.o] Error 1
gmake[1]: Leaving directory '/mnt/c/Users/Michael/Documents/Projects/SAOD/build/CMakeFiles/CMakeTmp'
gmake: *** [Makefile:127: cmTC_b1830/fast] Error 2


File /mnt/c/Users/Michael/Documents/Projects/SAOD/build/CMakeFiles/CMakeTmp/CheckSymbolExists.c:
/* */
#include <sys/types.h>
#include <sys/sysctl.h>

int main(int argc, char** argv)
{
  (void)argv;
#ifndef sysctlbyname
  return ((int*)(&sysctlbyname))[argc];
#else
  (void)argc;
  return 0;
#endif
}
Determining if the elf_aux_info exist failed with the following output:
Change Dir: /mnt/c/Users/Michael/Documents/Projects/SAOD/build/CMakeFiles/CMakeTmp

Run Build Command(s):/usr/bin/gmake -f Makefile cmTC_a23bc/fast && /usr/bin/gmake  -f CMakeFiles/cmTC_a23bc.dir/build.make CMakeFiles/cmTC_a23bc.dir/build
gmake[1]: Entering directory '/mnt/c/Users/Michael/Documents/Projects/SAOD/build/CMakeFiles/CMakeTmp'
Building C object CMakeFiles/cmTC_a23bc.dir/CheckSymbolExists.c.o
/usr/bin/cc   -D_GNU_SOURCE=1 -o CMakeFiles/cmTC_a23bc.dir/CheckSymbolExists.c.o -c /mnt/c/Users/Michael/Documents/Projects/SAOD/build/CMakeFiles/CMakeTmp/CheckSymbolExists.c
/mnt/c/Users/Michael/Documents/Projects/SAOD/build/CMakeFiles/CMakeTmp/CheckSymbolExists.c: In function ‘main’:
/mnt/c/Users/Michael/Documents/Projects/SAOD/build/CMakeFiles/CMakeTmp/CheckSymbolExists.c:8:19: error: ‘elf_aux_info’ undeclared (first use in this function)
    8 |   return ((int*)(&elf_aux_info))[argc];
      |                   ^~~~~~~~~~~~
/mnt/c/Users/Michael/Documents/Projects/SAOD/build/CMakeFiles/CMakeTmp/CheckSymbolExists.c:8:19: note: each undeclared identifier is reported only once for each function it appears in
gmake[1]: *** [CMakeFiles/cmTC_a23bc.dir/build.make:78: CMakeFiles/cmTC_a23bc.dir/CheckSymbolExists.c.o] Error 1
gmake[1]: Leaving directory '/mnt/c/Users/Michael/Documents/Projects/SAOD/build/CMakeFiles/CMakeTmp'
gmake: *** [Makefile:127: cmTC_a23bc/fast] Error 2


File /mnt/c/Users/Michael/Documents/Projects/SAOD/build/CMakeFiles/CMakeTmp/CheckSymbolExists.c:
/* */
#include <sys/auxv.h>

int main(int argc, char** argv)
{
  (void)argv;
#ifndef elf_aux_info
  return ((int*)(&elf_aux_info))[argc];
#else
  (void)argc;
  return 0;
#endif
}
Performing C SOURCE FILE Test ICONV_IN_LIBICONV failed with the following output:
Change Dir: /mnt/c/Users/Michael/Documents/Projects/SAOD/build/CMakeFiles/CMakeTmp

Run Build Command(s):/usr/bin/gmake -f Makefile cmTC_6e3ce/fast && /usr/bin/gmake  -f CMakeFiles/cmTC_6e3ce.dir/build.make CMakeFiles/cmTC_6e3ce.dir/build
gmake[1]: Entering directory '/mnt/c/Users/Michael/Documents/Projects/SAOD/build/CMakeFiles/CMakeTmp'
Building C object CMakeFiles/cmTC_6e3ce.dir/src.c.o
/usr/bin/cc -DICONV_IN_LIBICONV  -D_GNU_SOURCE=1 -o CMakeFiles/cmTC_6e3ce.dir/src.c.o -c /mnt/c/Users/Michael/Documents/Projects/SAOD/build/CMakeFiles/CMakeTmp/src.c
Linking C executable cmTC_6e3ce
/usr/bin/cmake -E cmake_link_script CMakeFiles/cmTC_6e3ce.dir/link.txt --verbose=1
/usr/bin/cc   -D_GNU_SOURCE=1 CMakeFiles/cmTC_6e3ce.dir/src.c.o -o cmTC_6e3ce  -liconv 
/usr/bin/ld: cannot find -liconv: No such file or directory
collect2: error: ld returned 1 exit status
gmake[1]: *** [CMakeFiles/cmTC_6e3ce.dir/build.make:99: cmTC_6e3ce] Error 1
gmake[1]: Leaving directory '/mnt/c/Users/Michael/Documents/Projects/SAOD/build/CMakeFiles/CMakeTmp'
gmake: *** [Makefile:127: cmTC_6e3ce/fast] Error 2


Source file was:

        #include <stddef.h>
        #include <iconv.h>
        int main(int argc, char **argv) {
            return !iconv_open(NULL,NULL);
        }
Performing C SOURCE FILE Test LIBC_HAS_WORKING_LIBUNWIND failed with the following output:
Change Dir: /mnt/c/Users/Michael/Documents/Projects/SAOD/build/CMakeFiles/CMakeTmp

Run Build Command(s):/usr/bin/gmake -f Makefile cmTC_81c8d/fast && /usr/bin/gmake  -f CMakeFiles/cmTC_81c8d.dir/build.make CMakeFiles/cmTC_81c8d.dir/build
gmake[1]: Entering directory '/mnt/c/Users/Michael/Documents/Projects/SAOD/build/CMakeFiles/CMakeTmp'
gmake[1]: Warning: File 'CMakeFiles/cmTC_81c8d.dir/progress.make' has modification time 0.0037 s in the future
Building C object CMakeFiles/cmTC_81c8d.dir/src.c.o
/usr/bin/cc -DLIBC_HAS_WORKING_LIBUNWIND  -D_GNU_SOURCE=1 -o CMakeFiles/cmTC_81c8d.dir/src.c.o -c /mnt/c/Users/Michael/Documents/Projects/SAOD/build/CMakeFiles/CMakeTmp/src.c
/mnt/c/Users/Michael/Documents/Projects/SAOD/build/CMakeFiles/CMakeTmp/src.c:1:16: fatal error: libunwind.h: No such file or directory
    1 |       #include <libunwind.h>
      |                ^~~~~~~~~~~~~
compilation terminated.
gmake[1]: *** [CMakeFiles/cmTC_81c8d.dir/build.make:78: CMakeFiles/cmTC_81c8d.dir/src.c.o] Error 1
gmake[1]: Leaving directory '/mnt/c/Users/Michael/Documents/Projects/SAOD/build/CMakeFiles/CMakeTmp'
gmake: *** [Makefile:127: cmTC_81c8d/fast] Error 2


Source file was:
      #include <libunwind.h>
      int main(int argc, char *argv[]) {
        (void)argc; (void)argv;
        unw_context_t context;
        unw_cursor_t cursor;
        unw_word_t pc;
        char sym[256];
        unw_word_t offset;
        unw_getcontext(&context);
        unw_step(&cursor);
        unw_get_reg(&cursor, UNW_REG_IP, &pc);
        unw_get_proc_name(&cursor, sym, sizeof(sym), &offset);
        return 0;
      }
Performing C SOURCE FILE Test LIBUNWIND_HAS_WORKINGLIBUNWIND failed with the following output:
Change Dir: /mnt/c/Users/Michael/Documents/Projects/SAOD/build/CMakeFiles/CMakeTmp

Run Build Command(s):/usr/bin/gmake -f Makefile cmTC_f974c/fast && /usr/bin/gmake  -f CMakeFiles/cmTC_f974c.dir/build.make CMakeFiles/cmTC_f974c.dir/build
gmake[1]: Entering directory '/mnt/c/Users/Michael/Documents/Projects/SAOD/build/CMakeFiles/CMakeTmp'
gmake[1]: Warning: File 'CMakeFiles/cmTC_f974c.dir/progress.make' has modification time 0.013 s in the future
Building C object CMakeFiles/cmTC_f974c.dir/src.c.o
/usr/bin/cc -DLIBUNWIND_HAS_WORKINGLIBUNWIND  -D_GNU_SOURCE=1 -o CMakeFiles/cmTC_f974c.dir/src.c.o -c /mnt/c/Users/Michael/Documents/Projects/SAOD/build/CMakeFiles/CMakeTmp/src.c
/mnt/c/Users/Michael/Documents/Projects/SAOD/build/CMakeFiles/CMakeTmp/src.c:1:16: fatal error: libunwind.h: No such file or directory
    1 |       #include <libunwind.h>
      |                ^~~~~~~~~~~~~
compilation terminated.
gmake[1]: *** [CMakeFiles/cmTC_f974c.dir/build.make:78: CMakeFiles/cmTC_f974c.dir/src.c.o] Error 1
gmake[1]: Leaving directory '/mnt/c/Users/Michael/Documents/Projects/SAOD/build/CMakeFiles/CMakeTmp'
gmake: *** [Makefile:127: cmTC_f974c/fast] Error 2


Source file was:
      #include <libunwind.h>
      int main(int argc, char *argv[]) {
        (void)argc; (void)argv;
        unw_context_t context;
        unw_cursor_t cursor;
        unw_word_t pc;
        char sym[256];
        unw_word_t offset;
        unw_getcontext(&context);
        unw_step(&cursor);
        unw_get_reg(&cursor, UNW_REG_IP, &pc);
        unw_get_proc_name(&cursor, sym, sizeof(sym), &offset);
        return 0;
      }
Determining if the include file pthread_np.h exists failed with the following output:
Change Dir: /mnt/c/Users/Michael/Documents/Projects/SAOD/build/CMakeFiles/CMakeTmp

Run Build Command(s):/usr/bin/gmake -f Makefile cmTC_041b4/fast && gmake: Warning: File 'Makefile' has modification time 0.033 s in the future
/usr/bin/gmake  -f CMakeFiles/cmTC_041b4.dir/build.make CMakeFiles/cmTC_041b4.dir/build
gmake[1]: Entering directory '/mnt/c/Users/Michael/Documents/Projects/SAOD/build/CMakeFiles/CMakeTmp'
gmake[1]: Warning: File 'CMakeFiles/cmTC_041b4.dir/flags.make' has modification time 0.01 s in the future
Building C object CMakeFiles/cmTC_041b4.dir/CheckIncludeFile.c.o
/usr/bin/cc   -D_GNU_SOURCE=1 -D_REENTRANT -pthread -o CMakeFiles/cmTC_041b4.dir/CheckIncludeFile.c.o -c /mnt/c/Users/Michael/Documents/Projects/SAOD/build/CMakeFiles/CMakeTmp/CheckIncludeFile.c
/mnt/c/Users/Michael/Documents/Projects/SAOD/build/CMakeFiles/CMakeTmp/CheckIncludeFile.c:1:10: fatal error: pthread_np.h: No such file or directory
    1 | #include <pthread_np.h>
      |          ^~~~~~~~~~~~~~
compilation terminated.
gmake[1]: *** [CMakeFiles/cmTC_041b4.dir/build.make:78: CMakeFiles/cmTC_041b4.dir/CheckIncludeFile.c.o] Error 1
gmake[1]: Leaving directory '/mnt/c/Users/Michael/Documents/Projects/SAOD/build/CMakeFiles/CMakeTmp'
gmake: *** [Makefile:127: cmTC_041b4/fast] Error 2



